Java HotSpot(TM) 64-Bit Server VM (25.202-b08) for linux-amd64 JRE (1.8.0_202-b08), built on Dec 15 2018 12:40:22 by "java_re" with gcc 7.3.0
Memory: 4k page, physical 1527524k(621372k free), swap 2097148k(2096628k free)
CommandLine flags: -XX:+HeapDumpOnOutOfMemoryError -XX:HeapDumpPath=/svc/was/nsdg01/domains/hana12/logs/heapdump -XX:InitialHeapSize=134217728 -XX:MaxHeapSize=536870912 -XX:+PrintGC -XX:+PrintGCDetails -XX:+PrintGCTimeStamps -XX:ThreadStackSize=256 -XX:+UseCompressedClassPointers -XX:+UseCompressedOops -XX:+UseParallelGC -XX:+UseParallelOldGC 
0.867: [GC (Allocation Failure) [PSYoungGen: 33280K->5109K(38400K)] 33280K->6366K(125952K), 0.0222838 secs] [Times: user=0.07 sys=0.01, real=0.02 secs] 
1.432: [GC (Allocation Failure) [PSYoungGen: 38389K->5117K(71680K)] 39646K->11402K(159232K), 0.0217209 secs] [Times: user=0.06 sys=0.01, real=0.02 secs] 
1.744: [GC (Metadata GC Threshold) [PSYoungGen: 32573K->5108K(71680K)] 38858K->14197K(159232K), 0.0126809 secs] [Times: user=0.04 sys=0.01, real=0.01 secs] 
1.757: [Full GC (Metadata GC Threshold) [PSYoungGen: 5108K->0K(71680K)] [ParOldGen: 9089K->8264K(87552K)] 14197K->8264K(159232K), [Metaspace: 19478K->19478K(1067008K)], 0.0659038 secs] [Times: user=0.22 sys=0.02, real=0.07 secs] 
3.403: [GC (GCLocker Initiated GC) [PSYoungGen: 63739K->5088K(101888K)] 72003K->24974K(189440K), 0.0291744 secs] [Times: user=0.07 sys=0.03, real=0.03 secs] 
3.450: [GC (Metadata GC Threshold) [PSYoungGen: 8376K->5088K(138240K)] 28262K->25251K(225792K), 0.0112493 secs] [Times: user=0.03 sys=0.02, real=0.02 secs] 
3.462: [Full GC (Metadata GC Threshold) [PSYoungGen: 5088K->0K(138240K)] [ParOldGen: 20163K->22453K(100352K)] 25251K->22453K(238592K), [Metaspace: 32439K->32439K(1081344K)], 0.1126109 secs] [Times: user=0.35 sys=0.02, real=0.11 secs] 
6.565: [GC (Allocation Failure) [PSYoungGen: 133120K->16882K(145408K)] 155573K->44073K(245760K), 0.0374169 secs] [Times: user=0.07 sys=0.04, real=0.04 secs] 
7.153: [GC (Metadata GC Threshold) [PSYoungGen: 60195K->16055K(144896K)] 87386K->43254K(245248K), 0.0154330 secs] [Times: user=0.04 sys=0.01, real=0.01 secs] 
7.168: [Full GC (Metadata GC Threshold) [PSYoungGen: 16055K->0K(144896K)] [ParOldGen: 27198K->26959K(120832K)] 43254K->26959K(265728K), [Metaspace: 54746K->54735K(1101824K)], 0.2222336 secs] [Times: user=0.73 sys=0.01, real=0.22 secs] 
Heap
 PSYoungGen      total 144896K, used 73949K [0x00000000f5580000, 0x0000000100000000, 0x0000000100000000)
  eden space 128512K, 57% used [0x00000000f5580000,0x00000000f9db76f8,0x00000000fd300000)
  from space 16384K, 0% used [0x00000000fd300000,0x00000000fd300000,0x00000000fe300000)
  to   space 23552K, 0% used [0x00000000fe900000,0x00000000fe900000,0x0000000100000000)
 ParOldGen       total 120832K, used 26959K [0x00000000e0000000, 0x00000000e7600000, 0x00000000f5580000)
  object space 120832K, 22% used [0x00000000e0000000,0x00000000e1a53f80,0x00000000e7600000)
 Metaspace       used 58925K, capacity 64128K, committed 64324K, reserved 1105920K
  class space    used 7380K, capacity 8827K, committed 8832K, reserved 1048576K
