Java HotSpot(TM) 64-Bit Server VM (25.202-b08) for linux-amd64 JRE (1.8.0_202-b08), built on Dec 15 2018 12:40:22 by "java_re" with gcc 7.3.0
Memory: 4k page, physical 1527524k(971332k free), swap 2097148k(2096628k free)
CommandLine flags: -XX:+HeapDumpOnOutOfMemoryError -XX:HeapDumpPath=/svc/was/nsdg01/domains/hana11/logs/heapdump -XX:InitialHeapSize=134217728 -XX:MaxHeapSize=536870912 -XX:+PrintGC -XX:+PrintGCDetails -XX:+PrintGCTimeStamps -XX:ThreadStackSize=256 -XX:+UseCompressedClassPointers -XX:+UseCompressedOops -XX:+UseParallelGC -XX:+UseParallelOldGC 
0.950: [GC (Allocation Failure) [PSYoungGen: 33280K->5093K(38400K)] 33280K->6348K(125952K), 0.0117069 secs] [Times: user=0.02 sys=0.02, real=0.01 secs] 
1.642: [GC (Allocation Failure) [PSYoungGen: 38373K->5104K(71680K)] 39628K->11157K(159232K), 0.0169895 secs] [Times: user=0.05 sys=0.01, real=0.02 secs] 
1.978: [GC (Metadata GC Threshold) [PSYoungGen: 34068K->5092K(71680K)] 40121K->14210K(159232K), 0.0156779 secs] [Times: user=0.04 sys=0.02, real=0.01 secs] 
1.993: [Full GC (Metadata GC Threshold) [PSYoungGen: 5092K->0K(71680K)] [ParOldGen: 9118K->8314K(87552K)] 14210K->8314K(159232K), [Metaspace: 19486K->19486K(1067008K)], 0.0529077 secs] [Times: user=0.14 sys=0.02, real=0.05 secs] 
3.491: [GC (Metadata GC Threshold) [PSYoungGen: 63723K->5088K(103936K)] 72038K->25037K(191488K), 0.0251785 secs] [Times: user=0.05 sys=0.03, real=0.03 secs] 
3.516: [Full GC (Metadata GC Threshold) [PSYoungGen: 5088K->0K(103936K)] [ParOldGen: 19949K->22293K(116736K)] 25037K->22293K(220672K), [Metaspace: 32268K->32268K(1079296K)], 0.0971978 secs] [Times: user=0.30 sys=0.00, real=0.09 secs] 
6.595: [GC (Allocation Failure) [PSYoungGen: 98816K->5108K(135168K)] 121109K->37118K(251904K), 0.0221575 secs] [Times: user=0.03 sys=0.03, real=0.02 secs] 
22.711: [GC (Metadata GC Threshold) [PSYoungGen: 76986K->18417K(144384K)] 108996K->52232K(261120K), 0.0554330 secs] [Times: user=0.16 sys=0.04, real=0.06 secs] 
22.767: [Full GC (Metadata GC Threshold) [PSYoungGen: 18417K->0K(144384K)] [ParOldGen: 33815K->31067K(162304K)] 52232K->31067K(306688K), [Metaspace: 54474K->54466K(1099776K)], 0.3553992 secs] [Times: user=0.94 sys=0.23, real=0.35 secs] 
437.532: [GC (Allocation Failure) [PSYoungGen: 125952K->8759K(148480K)] 157019K->39834K(310784K), 0.0190985 secs] [Times: user=0.06 sys=0.00, real=0.02 secs] 
Heap
 PSYoungGen      total 148480K, used 31746K [0x00000000f5580000, 0x0000000100000000, 0x0000000100000000)
  eden space 125952K, 18% used [0x00000000f5580000,0x00000000f6bf2ab0,0x00000000fd080000)
  from space 22528K, 38% used [0x00000000fd080000,0x00000000fd90de38,0x00000000fe680000)
  to   space 22016K, 0% used [0x00000000fea80000,0x00000000fea80000,0x0000000100000000)
 ParOldGen       total 162304K, used 31075K [0x00000000e0000000, 0x00000000e9e80000, 0x00000000f5580000)
  object space 162304K, 19% used [0x00000000e0000000,0x00000000e1e58c18,0x00000000e9e80000)
 Metaspace       used 60406K, capacity 65516K, committed 65792K, reserved 1105920K
  class space    used 7498K, capacity 8946K, committed 8960K, reserved 1048576K
