Java HotSpot(TM) 64-Bit Server VM (25.202-b08) for linux-amd64 JRE (1.8.0_202-b08), built on Dec 15 2018 12:40:22 by "java_re" with gcc 7.3.0
Memory: 4k page, physical 1878756k(881176k free), swap 2097148k(2097148k free)
CommandLine flags: -XX:+HeapDumpOnOutOfMemoryError -XX:HeapDumpPath=/svc/infinispan/domains/hana11/logs/heapdump -XX:InitialHeapSize=134217728 -XX:MaxHeapSize=536870912 -XX:+PrintGC -XX:+PrintGCDetails -XX:+PrintGCTimeStamps -XX:ThreadStackSize=256 -XX:+UseCompressedClassPointers -XX:+UseCompressedOops -XX:+UseParallelGC -XX:+UseParallelOldGC 
2.098: [GC (Allocation Failure) [PSYoungGen: 33280K->5111K(38400K)] 33280K->7289K(125952K), 0.0512641 secs] [Times: user=0.06 sys=0.14, real=0.05 secs] 
3.261: [GC (Allocation Failure) [PSYoungGen: 38391K->5104K(71680K)] 40569K->12168K(159232K), 0.2466075 secs] [Times: user=0.35 sys=0.40, real=0.24 secs] 
3.529: [GC (Metadata GC Threshold) [PSYoungGen: 6473K->5104K(71680K)] 13537K->12389K(159232K), 0.2740333 secs] [Times: user=0.52 sys=0.57, real=0.28 secs] 
3.803: [Full GC (Metadata GC Threshold) [PSYoungGen: 5104K->0K(71680K)] [ParOldGen: 7285K->6641K(87552K)] 12389K->6641K(159232K), [Metaspace: 19705K->19705K(1067008K)], 0.1758342 secs] [Times: user=0.23 sys=0.35, real=0.17 secs] 
Heap
 PSYoungGen      total 71680K, used 9752K [0x00000000f5580000, 0x00000000fe180000, 0x0000000100000000)
  eden space 66560K, 14% used [0x00000000f5580000,0x00000000f5f06110,0x00000000f9680000)
  from space 5120K, 0% used [0x00000000f9680000,0x00000000f9680000,0x00000000f9b80000)
  to   space 5120K, 0% used [0x00000000fdc80000,0x00000000fdc80000,0x00000000fe180000)
 ParOldGen       total 87552K, used 6641K [0x00000000e0000000, 0x00000000e5580000, 0x00000000f5580000)
  object space 87552K, 7% used [0x00000000e0000000,0x00000000e067c7a0,0x00000000e5580000)
 Metaspace       used 21350K, capacity 22954K, committed 23216K, reserved 1069056K
  class space    used 2647K, capacity 3146K, committed 3248K, reserved 1048576K
